// Jest Snapshot v1, https://goo.gl/fbAQLP

exports[`Card should render Card page error free 1`] = `
<DocumentFragment>
  <div
    class="cardContent"
    style="border: 6px solid rgb(71, 50, 58);"
  >
    <svg
      aria-hidden="true"
      class="MuiSvgIcon-root MuiSvgIcon-fontSizeMedium delete-gif-icon css-i4bv87-MuiSvgIcon-root"
      data-testid="DeleteIcon"
      focusable="false"
      viewBox="0 0 24 24"
    >
      <path
        d="M6 19c0 1.1.9 2 2 2h8c1.1 0 2-.9 2-2V7H6v12zM19 4h-3.5l-1-1h-5l-1 1H5v2h14V4z"
      />
    </svg>
    <div
      class="MuiPaper-root MuiPaper-elevation MuiPaper-rounded MuiPaper-elevation1 MuiCard-root css-1ri6ub7-MuiPaper-root-MuiCard-root"
    >
      <iframe
        class="giphy-embed"
        frameborder="0"
        height="200"
        width="200"
      />
    </div>
  </div>
</DocumentFragment>
`;
